Windows PowerShell
Copyright (C) Microsoft Corporation. All rights reserved.

新機能と改善のために最新の PowerShell をインストールしてください!https://aka.ms/PSWindows

PS C:\Users\kanam> wsl
Linux 用の Windows サブシステムが Microsoft Store で入手可能になりました。
'wsl.exe --update' を実行するか、https://aka.ms/wslstorepage
 にアクセスしてアップグレードできます。Microsoft Store から WSL をインストールすると、最新の WSL 更新がより速く提供され ます。
詳細については、https://aka.ms/wslstoreinfo
をご覧ください。
admin@kanamisaaan:/mnt/c/Users/kanam$ cd ~
admin@kanamisaaan:~$ ls
Ansible  ansible.cfg
admin@kanamisaaan:~$ git init
hint: Using 'master' as the name for the initial branch. This default branch name
hint: is subject to change. To configure the initial branch name to use in all
hint: of your new repositories, which will suppress this warning, call:
hint:
hint:   git config --global init.defaultBranch <name>
hint:
hint: Names commonly chosen instead of 'master' are 'main', 'trunk' and
hint: 'development'. The just-created branch can be renamed via this command:
hint:
hint:   git branch -m <name>
Initialized empty Git repository in /home/admin/.git/
admin@kanamisaaan:~$
admin@kanamisaaan:~$
admin@kanamisaaan:~$ cd /Ansible/
admin@kanamisaaan:/Ansible$ git init
error: could not lock config file /Ansible/.git/config: Permission denied
fatal: could not set 'core.repositoryformatversion' to '0'
admin@kanamisaaan:/Ansible$ source ansible-env/bin/activate
-bash: ansible-env/bin/activate: No such file or directory
admin@kanamisaaan:/Ansible$ cd ~
admin@kanamisaaan:~$ source ansible-env/bin/activate
-bash: ansible-env/bin/activate: No such file or directory
admin@kanamisaaan:~$
admin@kanamisaaan:~$ ls /opt/
Python-3.8.12  Python-3.8.12.tgz.1
admin@kanamisaaan:~$ cd /opt/Python-3.8.12
admin@kanamisaaan:/opt/Python-3.8.12$ source ansible-env/bin/activate
(ansible-env) admin@kanamisaaan:/opt/Python-3.8.12$
(ansible-env) admin@kanamisaaan:/opt/Python-3.8.12$ ls
aclocal.m4          config.log     Grammar         Mac              myenv     pybuilddir.txt  python-config.py
ansible-env         config.status  Include         Makefile         Objects   pyconfig.h      python-gdb.py
ansible-venv        config.sub     install-sh      Makefile.pre     Parser    pyconfig.h.in   README.rst
build               configure      Lib             Makefile.pre.in  PC        python          setup.py
CODE_OF_CONDUCT.md  configure.ac   libpython3.8.a  Misc             PCbuild   Python          Tools
config.guess        Doc            LICENSE         Modules          Programs  python-config
(ansible-env) admin@kanamisaaan:/opt/Python-3.8.12$ cd ~
(ansible-env) admin@kanamisaaan:~$ git init
Reinitialized existing Git repository in /home/admin/.git/
(ansible-env) admin@kanamisaaan:~$
(ansible-env) admin@kanamisaaan:~$ cd /Ansible/
(ansible-env) admin@kanamisaaan:/Ansible$ ls
GCP-playbook
(ansible-env) admin@kanamisaaan:/Ansible$ git init
error: could not lock config file /Ansible/.git/config: Permission denied
fatal: could not set 'core.repositoryformatversion' to '0'
(ansible-env) admin@kanamisaaan:/Ansible$
(ansible-env) admin@kanamisaaan:/Ansible$ ansible --version
ansible [core 2.16.5]
  config file = None
  configured module search path = ['/home/admin/.ansible/plugins/modules', '/usr/share/ansible/plugins/modules']
  ansible python module location = /opt/Python-3.8.12/ansible-env/lib/python3.11/site-packages/ansible
  ansible collection location = /home/admin/.ansible/collections:/usr/share/ansible/collections
  executable location = /opt/Python-3.8.12/ansible-env/bin/ansible
  python version = 3.11.2 (main, Mar 13 2023, 12:18:29) [GCC 12.2.0] (/opt/Python-3.8.12/ansible-env/bin/python3)
  jinja version = 3.1.3
  libyaml = True
(ansible-env) admin@kanamisaaan:/Ansible$
(ansible-env) admin@kanamisaaan:/Ansible$
(ansible-env) admin@kanamisaaan:/Ansible$ ls /GCP-playbook/
！  ansible.cfg  hosts  roles  site.yml
(ansible-env) admin@kanamisaaan:/Ansible$ ls -a
.  ..  GCP-playbook  .git
(ansible-env) admin@kanamisaaan:/Ansible$ ansible --version
ansible [core 2.16.5]
  config file = None
  configured module search path = ['/home/admin/.ansible/plugins/modules', '/usr/share/ansible/plugins/modules']
  ansible python module location = /opt/Python-3.8.12/ansible-env/lib/python3.11/site-packages/ansible
  ansible collection location = /home/admin/.ansible/collections:/usr/share/ansible/collections
  executable location = /opt/Python-3.8.12/ansible-env/bin/ansible
  python version = 3.11.2 (main, Mar 13 2023, 12:18:29) [GCC 12.2.0] (/opt/Python-3.8.12/ansible-env/bin/python3)
  jinja version = 3.1.3
  libyaml = True
(ansible-env) admin@kanamisaaan:/Ansible$ cd ~
(ansible-env) admin@kanamisaaan:~$
(ansible-env) admin@kanamisaaan:~$ diactivate
-bash: diactivate: command not found
(ansible-env) admin@kanamisaaan:~$ diactivate
-bash: diactivate: command not found
(ansible-env) admin@kanamisaaan:~$ deactivate
admin@kanamisaaan:~$
admin@kanamisaaan:~$ python3 -m venv ansible-venv-2
admin@kanamisaaan:~$
admin@kanamisaaan:~$
admin@kanamisaaan:~$ source ansible-venv-2/bin/activate
(ansible-venv-2) admin@kanamisaaan:~$
(ansible-venv-2) admin@kanamisaaan:~$
(ansible-venv-2) admin@kanamisaaan:~$ sudo apt update
[sudo] password for admin:
Hit:1 http://deb.debian.org/debian bookworm InRelease
Get:2 http://security.debian.org/debian-security bookworm-security InRelease [48.0 kB]
Get:3 http://ftp.debian.org/debian bookworm-backports InRelease [56.5 kB]
Get:4 http://deb.debian.org/debian bookworm-updates InRelease [55.4 kB]
Get:5 http://security.debian.org/debian-security bookworm-security/main amd64 Packages [151 kB]
Get:6 http://security.debian.org/debian-security bookworm-security/main Translation-en [91.7 kB]
Fetched 403 kB in 2s (172 kB/s)
Reading package lists... Done
Building dependency tree... Done
Reading state information... Done
11 packages can be upgraded. Run 'apt list --upgradable' to see them.
(ansible-venv-2) admin@kanamisaaan:~$
(ansible-venv-2) admin@kanamisaaan:~$
(ansible-venv-2) admin@kanamisaaan:~$ sudo apt install software-properties-common
Reading package lists... Done
Building dependency tree... Done
Reading state information... Done
The following additional packages will be installed:
  appstream dbus dbus-bin dbus-daemon dbus-session-bus-common dbus-system-bus-common dbus-user-session
  distro-info-data gir1.2-glib-2.0 gir1.2-packagekitglib-1.0 iso-codes libappstream4 libdbus-1-3 libduktape207 libdw1
  libgirepository-1.0-1 libglib2.0-0 libglib2.0-bin libglib2.0-data libgstreamer1.0-0 libpackagekit-glib2-18
  libpam-systemd libpolkit-agent-1-0 libpolkit-gobject-1-0 libstemmer0d libunwind8 libxmlb2 lsb-release packagekit
  packagekit-tools polkitd python-apt-common python3-apt python3-blinker python3-cffi-backend python3-cryptography
  python3-dbus python3-distro python3-gi python3-httplib2 python3-jwt python3-lazr.restfulclient python3-lazr.uri
  python3-oauthlib python3-pyparsing python3-six python3-software-properties python3-wadllib sgml-base
  shared-mime-info xdg-user-dirs xml-core
Suggested packages:
  apt-config-icons isoquery low-memory-monitor gstreamer1.0-tools polkitd-pkla python-apt-doc python-blinker-doc
  python-cryptography-doc python3-cryptography-vectors python-dbus-doc python3-crypto python-pyparsing-doc
  sgml-base-doc debhelper
The following NEW packages will be installed:
  appstream dbus dbus-bin dbus-daemon dbus-session-bus-common dbus-system-bus-common dbus-user-session
  distro-info-data gir1.2-glib-2.0 gir1.2-packagekitglib-1.0 iso-codes libappstream4 libdbus-1-3 libduktape207 libdw1
  libgirepository-1.0-1 libglib2.0-0 libglib2.0-bin libglib2.0-data libgstreamer1.0-0 libpackagekit-glib2-18
  libpam-systemd libpolkit-agent-1-0 libpolkit-gobject-1-0 libstemmer0d libunwind8 libxmlb2 lsb-release packagekit
  packagekit-tools polkitd python-apt-common python3-apt python3-blinker python3-cffi-backend python3-cryptography
  python3-dbus python3-distro python3-gi python3-httplib2 python3-jwt python3-lazr.restfulclient python3-lazr.uri
  python3-oauthlib python3-pyparsing python3-six python3-software-properties python3-wadllib sgml-base
  shared-mime-info software-properties-common xdg-user-dirs xml-core
0 upgraded, 53 newly installed, 0 to remove and 11 not upgraded.
Need to get 12.9 MB of archives.
After this operation, 66.6 MB of additional disk space will be used.
Do you want to continue? [Y/n] Y
Get:1 http://deb.debian.org/debian bookworm/main amd64 libdbus-1-3 amd64 1.14.10-1~deb12u1 [201 kB]
Get:2 http://deb.debian.org/debian bookworm/main amd64 dbus-bin amd64 1.14.10-1~deb12u1 [105 kB]
Get:3 http://deb.debian.org/debian bookworm/main amd64 dbus-session-bus-common all 1.14.10-1~deb12u1 [78.2 kB]
Get:4 http://deb.debian.org/debian bookworm/main amd64 dbus-daemon amd64 1.14.10-1~deb12u1 [184 kB]
Get:5 http://deb.debian.org/debian bookworm/main amd64 dbus-system-bus-common all 1.14.10-1~deb12u1 [79.3 kB]
Get:6 http://deb.debian.org/debian bookworm/main amd64 dbus amd64 1.14.10-1~deb12u1 [97.4 kB]
Get:7 http://deb.debian.org/debian bookworm/main amd64 sgml-base all 1.31 [15.4 kB]
Get:8 http://deb.debian.org/debian bookworm/main amd64 libpam-systemd amd64 252.22-1~deb12u1 [225 kB]
Get:9 http://deb.debian.org/debian bookworm/main amd64 libglib2.0-0 amd64 2.74.6-2 [1,398 kB]
Get:10 http://deb.debian.org/debian bookworm/main amd64 shared-mime-info amd64 2.2-1 [729 kB]
Get:11 http://deb.debian.org/debian bookworm/main amd64 libstemmer0d amd64 2.2.0-2 [118 kB]
Get:12 http://deb.debian.org/debian bookworm/main amd64 libxmlb2 amd64 0.3.10-2 [60.2 kB]
Get:13 http://deb.debian.org/debian bookworm/main amd64 libappstream4 amd64 0.16.1-2 [199 kB]
Get:14 http://deb.debian.org/debian bookworm/main amd64 appstream amd64 0.16.1-2 [407 kB]
Get:15 http://deb.debian.org/debian bookworm/main amd64 dbus-user-session amd64 1.14.10-1~deb12u1 [78.1 kB]
Get:16 http://deb.debian.org/debian bookworm/main amd64 distro-info-data all 0.58+deb12u1 [6,072 B]
Get:17 http://deb.debian.org/debian bookworm/main amd64 libgirepository-1.0-1 amd64 1.74.0-3 [101 kB]
Get:18 http://deb.debian.org/debian bookworm/main amd64 gir1.2-glib-2.0 amd64 1.74.0-3 [159 kB]
Get:19 http://deb.debian.org/debian bookworm/main amd64 libpackagekit-glib2-18 amd64 1.2.6-5 [113 kB]
Get:20 http://deb.debian.org/debian bookworm/main amd64 gir1.2-packagekitglib-1.0 amd64 1.2.6-5 [25.9 kB]
Get:21 http://deb.debian.org/debian bookworm/main amd64 iso-codes all 4.15.0-1 [2,906 kB]
Get:22 http://deb.debian.org/debian bookworm/main amd64 libduktape207 amd64 2.7.0-2 [134 kB]
Get:23 http://deb.debian.org/debian bookworm/main amd64 libdw1 amd64 0.188-2.1 [235 kB]
Get:24 http://deb.debian.org/debian bookworm/main amd64 libglib2.0-data all 2.74.6-2 [1,207 kB]
Get:25 http://deb.debian.org/debian bookworm/main amd64 libglib2.0-bin amd64 2.74.6-2 [110 kB]
Get:26 http://deb.debian.org/debian bookworm/main amd64 libunwind8 amd64 1.6.2-3 [51.2 kB]
Get:27 http://deb.debian.org/debian bookworm/main amd64 libgstreamer1.0-0 amd64 1.22.0-2 [1,169 kB]
Get:28 http://deb.debian.org/debian bookworm/main amd64 libpolkit-gobject-1-0 amd64 122-3 [43.9 kB]
Get:29 http://deb.debian.org/debian bookworm/main amd64 libpolkit-agent-1-0 amd64 122-3 [24.4 kB]
Get:30 http://deb.debian.org/debian bookworm/main amd64 lsb-release all 12.0-1 [6,416 B]
Get:31 http://deb.debian.org/debian bookworm/main amd64 xml-core all 0.18+nmu1 [23.8 kB]
Get:32 http://deb.debian.org/debian bookworm/main amd64 polkitd amd64 122-3 [112 kB]
Get:33 http://deb.debian.org/debian bookworm/main amd64 packagekit amd64 1.2.6-5 [610 kB]
Get:34 http://deb.debian.org/debian bookworm/main amd64 packagekit-tools amd64 1.2.6-5 [30.9 kB]
Get:35 http://deb.debian.org/debian bookworm/main amd64 python-apt-common all 2.6.0 [64.3 kB]
Get:36 http://deb.debian.org/debian bookworm/main amd64 python3-apt amd64 2.6.0 [159 kB]
Get:37 http://deb.debian.org/debian bookworm/main amd64 python3-blinker all 1.5-1 [14.7 kB]
Get:38 http://deb.debian.org/debian bookworm/main amd64 python3-cffi-backend amd64 1.15.1-5+b1 [84.6 kB]
Get:39 http://deb.debian.org/debian bookworm/main amd64 python3-cryptography amd64 38.0.4-3 [666 kB]
Get:40 http://deb.debian.org/debian bookworm/main amd64 python3-dbus amd64 1.3.2-4+b1 [95.1 kB]
Get:41 http://deb.debian.org/debian bookworm/main amd64 python3-distro all 1.8.0-1 [20.5 kB]
Get:42 http://deb.debian.org/debian bookworm/main amd64 python3-gi amd64 3.42.2-3+b1 [219 kB]
Get:43 http://deb.debian.org/debian bookworm/main amd64 python3-pyparsing all 3.0.9-1 [138 kB]
Get:44 http://deb.debian.org/debian bookworm/main amd64 python3-httplib2 all 0.20.4-3 [36.0 kB]
Get:45 http://deb.debian.org/debian bookworm/main amd64 python3-jwt all 2.6.0-1 [26.6 kB]
Get:46 http://deb.debian.org/debian bookworm/main amd64 python3-lazr.uri all 1.0.6-3 [13.7 kB]
Get:47 http://deb.debian.org/debian bookworm/main amd64 python3-wadllib all 1.3.6-4 [37.2 kB]
Get:48 http://deb.debian.org/debian bookworm/main amd64 python3-oauthlib all 3.2.2-1 [95.4 kB]
Get:49 http://deb.debian.org/debian bookworm/main amd64 python3-six all 1.16.0-4 [17.5 kB]
Get:50 http://deb.debian.org/debian bookworm/main amd64 python3-lazr.restfulclient all 0.14.5-1 [50.4 kB]
Get:51 http://deb.debian.org/debian bookworm/main amd64 python3-software-properties all 0.99.30-4 [32.7 kB]
Get:52 http://deb.debian.org/debian bookworm/main amd64 software-properties-common all 0.99.30-4 [62.0 kB]
Get:53 http://deb.debian.org/debian bookworm/main amd64 xdg-user-dirs amd64 0.18-1 [54.4 kB]
Fetched 12.9 MB in 2s (5,632 kB/s)
Extracting templates from packages: 100%
Selecting previously unselected package libdbus-1-3:amd64.
(Reading database ... 30342 files and directories currently installed.)
Preparing to unpack .../00-libdbus-1-3_1.14.10-1~deb12u1_amd64.deb ...
Unpacking libdbus-1-3:amd64 (1.14.10-1~deb12u1) ...
Selecting previously unselected package dbus-bin.
Preparing to unpack .../01-dbus-bin_1.14.10-1~deb12u1_amd64.deb ...
Unpacking dbus-bin (1.14.10-1~deb12u1) ...
Selecting previously unselected package dbus-session-bus-common.
Preparing to unpack .../02-dbus-session-bus-common_1.14.10-1~deb12u1_all.deb ...
Unpacking dbus-session-bus-common (1.14.10-1~deb12u1) ...
Selecting previously unselected package dbus-daemon.
Preparing to unpack .../03-dbus-daemon_1.14.10-1~deb12u1_amd64.deb ...
Unpacking dbus-daemon (1.14.10-1~deb12u1) ...
Selecting previously unselected package dbus-system-bus-common.
Preparing to unpack .../04-dbus-system-bus-common_1.14.10-1~deb12u1_all.deb ...
Unpacking dbus-system-bus-common (1.14.10-1~deb12u1) ...
Selecting previously unselected package dbus.
Preparing to unpack .../05-dbus_1.14.10-1~deb12u1_amd64.deb ...
Unpacking dbus (1.14.10-1~deb12u1) ...
Selecting previously unselected package sgml-base.
Preparing to unpack .../06-sgml-base_1.31_all.deb ...
Unpacking sgml-base (1.31) ...
Selecting previously unselected package libpam-systemd:amd64.
Preparing to unpack .../07-libpam-systemd_252.22-1~deb12u1_amd64.deb ...
Unpacking libpam-systemd:amd64 (252.22-1~deb12u1) ...
Selecting previously unselected package libglib2.0-0:amd64.
Preparing to unpack .../08-libglib2.0-0_2.74.6-2_amd64.deb ...
Unpacking libglib2.0-0:amd64 (2.74.6-2) ...
Selecting previously unselected package shared-mime-info.
Preparing to unpack .../09-shared-mime-info_2.2-1_amd64.deb ...
Unpacking shared-mime-info (2.2-1) ...
Selecting previously unselected package libstemmer0d:amd64.
Preparing to unpack .../10-libstemmer0d_2.2.0-2_amd64.deb ...
Unpacking libstemmer0d:amd64 (2.2.0-2) ...
Selecting previously unselected package libxmlb2:amd64.
Preparing to unpack .../11-libxmlb2_0.3.10-2_amd64.deb ...
Unpacking libxmlb2:amd64 (0.3.10-2) ...
Selecting previously unselected package libappstream4:amd64.
Preparing to unpack .../12-libappstream4_0.16.1-2_amd64.deb ...
Unpacking libappstream4:amd64 (0.16.1-2) ...
Selecting previously unselected package appstream.
Preparing to unpack .../13-appstream_0.16.1-2_amd64.deb ...
Unpacking appstream (0.16.1-2) ...
Selecting previously unselected package dbus-user-session.
Preparing to unpack .../14-dbus-user-session_1.14.10-1~deb12u1_amd64.deb ...
Unpacking dbus-user-session (1.14.10-1~deb12u1) ...
Selecting previously unselected package distro-info-data.
Preparing to unpack .../15-distro-info-data_0.58+deb12u1_all.deb ...
Unpacking distro-info-data (0.58+deb12u1) ...
Selecting previously unselected package libgirepository-1.0-1:amd64.
Preparing to unpack .../16-libgirepository-1.0-1_1.74.0-3_amd64.deb ...
Unpacking libgirepository-1.0-1:amd64 (1.74.0-3) ...
Selecting previously unselected package gir1.2-glib-2.0:amd64.
Preparing to unpack .../17-gir1.2-glib-2.0_1.74.0-3_amd64.deb ...
Unpacking gir1.2-glib-2.0:amd64 (1.74.0-3) ...
Selecting previously unselected package libpackagekit-glib2-18:amd64.
Preparing to unpack .../18-libpackagekit-glib2-18_1.2.6-5_amd64.deb ...
Unpacking libpackagekit-glib2-18:amd64 (1.2.6-5) ...
Selecting previously unselected package gir1.2-packagekitglib-1.0.
Preparing to unpack .../19-gir1.2-packagekitglib-1.0_1.2.6-5_amd64.deb ...
Unpacking gir1.2-packagekitglib-1.0 (1.2.6-5) ...
Selecting previously unselected package iso-codes.
Preparing to unpack .../20-iso-codes_4.15.0-1_all.deb ...
Unpacking iso-codes (4.15.0-1) ...
Selecting previously unselected package libduktape207:amd64.
Preparing to unpack .../21-libduktape207_2.7.0-2_amd64.deb ...
Unpacking libduktape207:amd64 (2.7.0-2) ...
Selecting previously unselected package libdw1:amd64.
Preparing to unpack .../22-libdw1_0.188-2.1_amd64.deb ...
Unpacking libdw1:amd64 (0.188-2.1) ...
Selecting previously unselected package libglib2.0-data.
Preparing to unpack .../23-libglib2.0-data_2.74.6-2_all.deb ...
Unpacking libglib2.0-data (2.74.6-2) ...
Selecting previously unselected package libglib2.0-bin.
Preparing to unpack .../24-libglib2.0-bin_2.74.6-2_amd64.deb ...
Unpacking libglib2.0-bin (2.74.6-2) ...
Selecting previously unselected package libunwind8:amd64.
Preparing to unpack .../25-libunwind8_1.6.2-3_amd64.deb ...
Unpacking libunwind8:amd64 (1.6.2-3) ...
Selecting previously unselected package libgstreamer1.0-0:amd64.
Preparing to unpack .../26-libgstreamer1.0-0_1.22.0-2_amd64.deb ...
Unpacking libgstreamer1.0-0:amd64 (1.22.0-2) ...
Selecting previously unselected package libpolkit-gobject-1-0:amd64.
Preparing to unpack .../27-libpolkit-gobject-1-0_122-3_amd64.deb ...
Unpacking libpolkit-gobject-1-0:amd64 (122-3) ...
Selecting previously unselected package libpolkit-agent-1-0:amd64.
Preparing to unpack .../28-libpolkit-agent-1-0_122-3_amd64.deb ...
Unpacking libpolkit-agent-1-0:amd64 (122-3) ...
Selecting previously unselected package lsb-release.
Preparing to unpack .../29-lsb-release_12.0-1_all.deb ...
Unpacking lsb-release (12.0-1) ...
Selecting previously unselected package xml-core.
Preparing to unpack .../30-xml-core_0.18+nmu1_all.deb ...
Unpacking xml-core (0.18+nmu1) ...
Selecting previously unselected package polkitd.
Preparing to unpack .../31-polkitd_122-3_amd64.deb ...
Unpacking polkitd (122-3) ...
Selecting previously unselected package packagekit.
Preparing to unpack .../32-packagekit_1.2.6-5_amd64.deb ...
Unpacking packagekit (1.2.6-5) ...
Selecting previously unselected package packagekit-tools.
Preparing to unpack .../33-packagekit-tools_1.2.6-5_amd64.deb ...
Unpacking packagekit-tools (1.2.6-5) ...
Selecting previously unselected package python-apt-common.
Preparing to unpack .../34-python-apt-common_2.6.0_all.deb ...
Unpacking python-apt-common (2.6.0) ...
Selecting previously unselected package python3-apt.
Preparing to unpack .../35-python3-apt_2.6.0_amd64.deb ...
Unpacking python3-apt (2.6.0) ...
Selecting previously unselected package python3-blinker.
Preparing to unpack .../36-python3-blinker_1.5-1_all.deb ...
Unpacking python3-blinker (1.5-1) ...
Selecting previously unselected package python3-cffi-backend:amd64.
Preparing to unpack .../37-python3-cffi-backend_1.15.1-5+b1_amd64.deb ...
Unpacking python3-cffi-backend:amd64 (1.15.1-5+b1) ...
Selecting previously unselected package python3-cryptography.
Preparing to unpack .../38-python3-cryptography_38.0.4-3_amd64.deb ...
Unpacking python3-cryptography (38.0.4-3) ...
Selecting previously unselected package python3-dbus.
Preparing to unpack .../39-python3-dbus_1.3.2-4+b1_amd64.deb ...
Unpacking python3-dbus (1.3.2-4+b1) ...
Selecting previously unselected package python3-distro.
Preparing to unpack .../40-python3-distro_1.8.0-1_all.deb ...
Unpacking python3-distro (1.8.0-1) ...
Selecting previously unselected package python3-gi.
Preparing to unpack .../41-python3-gi_3.42.2-3+b1_amd64.deb ...
Unpacking python3-gi (3.42.2-3+b1) ...
Selecting previously unselected package python3-pyparsing.
Preparing to unpack .../42-python3-pyparsing_3.0.9-1_all.deb ...
Unpacking python3-pyparsing (3.0.9-1) ...
Selecting previously unselected package python3-httplib2.
Preparing to unpack .../43-python3-httplib2_0.20.4-3_all.deb ...
Unpacking python3-httplib2 (0.20.4-3) ...
Selecting previously unselected package python3-jwt.
Preparing to unpack .../44-python3-jwt_2.6.0-1_all.deb ...
Unpacking python3-jwt (2.6.0-1) ...
Selecting previously unselected package python3-lazr.uri.
Preparing to unpack .../45-python3-lazr.uri_1.0.6-3_all.deb ...
Unpacking python3-lazr.uri (1.0.6-3) ...
Selecting previously unselected package python3-wadllib.
Preparing to unpack .../46-python3-wadllib_1.3.6-4_all.deb ...
Unpacking python3-wadllib (1.3.6-4) ...
Selecting previously unselected package python3-oauthlib.
Preparing to unpack .../47-python3-oauthlib_3.2.2-1_all.deb ...
Unpacking python3-oauthlib (3.2.2-1) ...
Selecting previously unselected package python3-six.
Preparing to unpack .../48-python3-six_1.16.0-4_all.deb ...
Unpacking python3-six (1.16.0-4) ...
Selecting previously unselected package python3-lazr.restfulclient.
Preparing to unpack .../49-python3-lazr.restfulclient_0.14.5-1_all.deb ...
Unpacking python3-lazr.restfulclient (0.14.5-1) ...
Selecting previously unselected package python3-software-properties.
Preparing to unpack .../50-python3-software-properties_0.99.30-4_all.deb ...
Unpacking python3-software-properties (0.99.30-4) ...
Selecting previously unselected package software-properties-common.
Preparing to unpack .../51-software-properties-common_0.99.30-4_all.deb ...
Unpacking software-properties-common (0.99.30-4) ...
Selecting previously unselected package xdg-user-dirs.
Preparing to unpack .../52-xdg-user-dirs_0.18-1_amd64.deb ...
Unpacking xdg-user-dirs (0.18-1) ...
Setting up libdw1:amd64 (0.188-2.1) ...
Setting up xdg-user-dirs (0.18-1) ...
Setting up python3-jwt (2.6.0-1) ...
Setting up libglib2.0-0:amd64 (2.74.6-2) ...
No schema files found: doing nothing.
Setting up distro-info-data (0.58+deb12u1) ...
Setting up libxmlb2:amd64 (0.3.10-2) ...
Setting up libpackagekit-glib2-18:amd64 (1.2.6-5) ...
Setting up python3-lazr.uri (1.0.6-3) ...
Setting up libunwind8:amd64 (1.6.2-3) ...
Setting up python3-six (1.16.0-4) ...
Setting up libglib2.0-data (2.74.6-2) ...
Setting up python3-pyparsing (3.0.9-1) ...
Setting up python3-wadllib (1.3.6-4) ...
Setting up libdbus-1-3:amd64 (1.14.10-1~deb12u1) ...
Setting up shared-mime-info (2.2-1) ...
Setting up python-apt-common (2.6.0) ...
Setting up libduktape207:amd64 (2.7.0-2) ...
Setting up dbus-session-bus-common (1.14.10-1~deb12u1) ...
Setting up python3-httplib2 (0.20.4-3) ...
Setting up libgirepository-1.0-1:amd64 (1.74.0-3) ...
Setting up sgml-base (1.31) ...
Setting up libstemmer0d:amd64 (2.2.0-2) ...
Setting up lsb-release (12.0-1) ...
Setting up dbus-system-bus-common (1.14.10-1~deb12u1) ...
Setting up iso-codes (4.15.0-1) ...
Setting up dbus-bin (1.14.10-1~deb12u1) ...
Setting up libpolkit-gobject-1-0:amd64 (122-3) ...
Setting up libgstreamer1.0-0:amd64 (1.22.0-2) ...
Setcap worked! gst-ptp-helper is not suid!
Setting up python3-cffi-backend:amd64 (1.15.1-5+b1) ...
Setting up python3-blinker (1.5-1) ...
Setting up python3-dbus (1.3.2-4+b1) ...
Setting up python3-distro (1.8.0-1) ...
Setting up python3-apt (2.6.0) ...
Setting up libglib2.0-bin (2.74.6-2) ...
Setting up dbus-daemon (1.14.10-1~deb12u1) ...
Setting up libappstream4:amd64 (0.16.1-2) ...
Setting up appstream (0.16.1-2) ...
✔ Metadata cache was updated successfully.
Setting up python3-cryptography (38.0.4-3) ...
Setting up dbus (1.14.10-1~deb12u1) ...
invoke-rc.d: could not determine current runlevel
Setting up gir1.2-glib-2.0:amd64 (1.74.0-3) ...
Setting up xml-core (0.18+nmu1) ...
Setting up libpam-systemd:amd64 (252.22-1~deb12u1) ...
Setting up libpolkit-agent-1-0:amd64 (122-3) ...
Setting up gir1.2-packagekitglib-1.0 (1.2.6-5) ...
Setting up dbus-user-session (1.14.10-1~deb12u1) ...
Setting up python3-oauthlib (3.2.2-1) ...
Setting up python3-gi (3.42.2-3+b1) ...
Setting up python3-lazr.restfulclient (0.14.5-1) ...
Setting up python3-software-properties (0.99.30-4) ...
Processing triggers for libc-bin (2.36-9+deb12u4) ...
Processing triggers for sgml-base (1.31) ...
Setting up polkitd (122-3) ...
Creating group 'polkitd' with GID 997.
Creating user 'polkitd' (polkit) with UID 997 and GID 997.
invoke-rc.d: could not determine current runlevel
Reloading system message bus config...Failed to open connection to "system" message bus: Failed to connect to socket /run/dbus/system_bus_socket: No such file or directory
invoke-rc.d: initscript dbus, action "reload" failed.
start-stop-daemon: unable to stat /usr/libexec/polkitd (No such file or directory)
Setting up packagekit (1.2.6-5) ...
invoke-rc.d: could not determine current runlevel
Reloading system message bus config...Failed to open connection to "system" message bus: Failed to connect to socket /run/dbus/system_bus_socket: No such file or directory
invoke-rc.d: initscript dbus, action "force-reload" failed.
Failed to open connection to "system" message bus: Failed to connect to socket /run/dbus/system_bus_socket: No such file
 or directory
Created symlink /etc/systemd/user/sockets.target.wants/pk-debconf-helper.socket → /usr/lib/systemd/user/pk-debconf-helper.socket.
Setting up packagekit-tools (1.2.6-5) ...
Setting up software-properties-common (0.99.30-4) ...
Processing triggers for dbus (1.14.10-1~deb12u1) ...
(ansible-venv-2) admin@kanamisaaan:~$
(ansible-venv-2) admin@kanamisaaan:~$
(ansible-venv-2) admin@kanamisaaan:~$
(ansible-venv-2) admin@kanamisaaan:~$
(ansible-venv-2) admin@kanamisaaan:~$ sudo apt-add-repository --yes --update ppa:ansible/ansible
Traceback (most recent call last):
  File "/usr/bin/apt-add-repository", line 362, in <module>
    sys.exit(0 if addaptrepo.main() else 1)
                  ^^^^^^^^^^^^^^^^^
  File "/usr/bin/apt-add-repository", line 345, in main
    shortcut = handler(source, **shortcut_params)
               ^^^^^^^^^^^^^^^^^^^^^^^^^^^^^^^^^^
  File "/usr/lib/python3/dist-packages/softwareproperties/shortcuts.py", line 40, in shortcut_handler
    return handler(shortcut, **kwargs)
           ^^^^^^^^^^^^^^^^^^^^^^^^^^^
  File "/usr/lib/python3/dist-packages/softwareproperties/ppa.py", line 86, in __init__
    if self.lpppa.publish_debug_symbols:
       ^^^^^^^^^^
  File "/usr/lib/python3/dist-packages/softwareproperties/ppa.py", line 126, in lpppa
    self._lpppa = self.lpteam.getPPAByName(name=self.ppaname)
                  ^^^^^^^^^^^
  File "/usr/lib/python3/dist-packages/softwareproperties/ppa.py", line 113, in lpteam
    self._lpteam = self.lp.people(self.teamname)
                   ^^^^^^^^^^^^^^
AttributeError: 'NoneType' object has no attribute 'people'
(ansible-venv-2) admin@kanamisaaan:~$
(ansible-venv-2) admin@kanamisaaan:~$
(ansible-venv-2) admin@kanamisaaan:~$ sudo apt install ansible
Reading package lists... Done
Building dependency tree... Done
Reading state information... Done
The following additional packages will be installed:
  ansible-core ieee-data python-babel-localedata python3-anyio python3-argcomplete python3-babel python3-certifi
  python3-chardet python3-charset-normalizer python3-click python3-colorama python3-dnspython python3-h11 python3-h2
  python3-hpack python3-httpcore python3-httpx python3-hyperframe python3-idna python3-jinja2 python3-jmespath
  python3-kerberos python3-libcloud python3-lockfile python3-markdown-it python3-markupsafe python3-mdurl
  python3-netaddr python3-ntlm-auth python3-packaging python3-pycryptodome python3-pygments python3-requests
  python3-requests-kerberos python3-requests-ntlm python3-requests-toolbelt python3-resolvelib python3-rfc3986
  python3-rich python3-selinux python3-simplejson python3-sniffio python3-tz python3-urllib3 python3-winrm
  python3-xmltodict python3-yaml
Suggested packages:
  cowsay sshpass python3-trio python3-aioquic python-jinja2-doc python-lockfile-doc ipython3 python-netaddr-docs
  python-pygments-doc ttf-bitstream-vera python3-openssl python3-socks python-requests-doc python3-brotli
The following NEW packages will be installed:
  ansible ansible-core ieee-data python-babel-localedata python3-anyio python3-argcomplete python3-babel
  python3-certifi python3-chardet python3-charset-normalizer python3-click python3-colorama python3-dnspython
  python3-h11 python3-h2 python3-hpack python3-httpcore python3-httpx python3-hyperframe python3-idna python3-jinja2
  python3-jmespath python3-kerberos python3-libcloud python3-lockfile python3-markdown-it python3-markupsafe
  python3-mdurl python3-netaddr python3-ntlm-auth python3-packaging python3-pycryptodome python3-pygments
  python3-requests python3-requests-kerberos python3-requests-ntlm python3-requests-toolbelt python3-resolvelib
  python3-rfc3986 python3-rich python3-selinux python3-simplejson python3-sniffio python3-tz python3-urllib3
  python3-winrm python3-xmltodict python3-yaml
0 upgraded, 48 newly installed, 0 to remove and 11 not upgraded.
Need to get 30.4 MB of archives.
After this operation, 289 MB of additional disk space will be used.
Do you want to continue? [Y/n] Y
Get:1 http://deb.debian.org/debian bookworm/main amd64 python3-markupsafe amd64 2.1.2-1+b1 [13.2 kB]
Get:2 http://deb.debian.org/debian bookworm/main amd64 python3-jinja2 all 3.1.2-1 [119 kB]
Get:3 http://deb.debian.org/debian bookworm/main amd64 python3-packaging all 23.0-1 [32.5 kB]
Get:4 http://deb.debian.org/debian bookworm/main amd64 python3-resolvelib all 0.9.0-2 [27.3 kB]
Get:5 http://deb.debian.org/debian bookworm/main amd64 python3-yaml amd64 6.0-3+b2 [119 kB]
Get:6 http://deb.debian.org/debian bookworm/main amd64 python3-pycryptodome amd64 3.11.0+dfsg1-4 [1,011 kB]
Get:7 http://deb.debian.org/debian bookworm/main amd64 python3-dnspython all 2.3.0-1 [152 kB]
Get:8 http://deb.debian.org/debian bookworm/main amd64 ieee-data all 20220827.1 [2,029 kB]
Get:9 http://deb.debian.org/debian bookworm/main amd64 python3-netaddr all 0.8.0-2 [295 kB]
Get:10 http://deb.debian.org/debian bookworm/main amd64 ansible-core all 2.14.3-1 [1,273 kB]
Get:11 http://deb.debian.org/debian bookworm/main amd64 ansible all 7.3.0+dfsg-1 [16.3 MB]
Get:12 http://deb.debian.org/debian bookworm/main amd64 python-babel-localedata all 2.10.3-1 [5,615 kB]
Get:13 http://deb.debian.org/debian bookworm/main amd64 python3-idna all 3.3-1 [39.4 kB]
Get:14 http://deb.debian.org/debian bookworm/main amd64 python3-sniffio all 1.2.0-1 [6,372 B]
Get:15 http://deb.debian.org/debian bookworm/main amd64 python3-anyio all 3.6.2-1 [54.0 kB]
Get:16 http://deb.debian.org/debian bookworm/main amd64 python3-argcomplete all 2.0.0-1 [34.7 kB]
Get:17 http://deb.debian.org/debian bookworm/main amd64 python3-tz all 2022.7.1-4 [30.1 kB]
Get:18 http://deb.debian.org/debian bookworm/main amd64 python3-babel all 2.10.3-1 [103 kB]
Get:19 http://deb.debian.org/debian bookworm/main amd64 python3-certifi all 2022.9.24-1 [153 kB]
Get:20 http://deb.debian.org/debian bookworm/main amd64 python3-chardet all 5.1.0+dfsg-2 [110 kB]
Get:21 http://deb.debian.org/debian bookworm/main amd64 python3-charset-normalizer all 3.0.1-2 [49.3 kB]
Get:22 http://deb.debian.org/debian bookworm/main amd64 python3-colorama all 0.4.6-2 [36.8 kB]
Get:23 http://deb.debian.org/debian bookworm/main amd64 python3-click all 8.1.3-2 [92.2 kB]
Get:24 http://deb.debian.org/debian bookworm/main amd64 python3-h11 all 0.14.0-1 [50.1 kB]
Get:25 http://deb.debian.org/debian bookworm/main amd64 python3-hpack all 4.0.0-2 [25.0 kB]
Get:26 http://deb.debian.org/debian bookworm/main amd64 python3-hyperframe all 6.0.0-1 [14.5 kB]
Get:27 http://deb.debian.org/debian bookworm/main amd64 python3-h2 all 4.1.0-4 [80.8 kB]
Get:28 http://deb.debian.org/debian bookworm/main amd64 python3-httpcore all 0.16.3-1 [38.4 kB]
Get:29 http://deb.debian.org/debian bookworm/main amd64 python3-pygments all 2.14.0+dfsg-1 [783 kB]
Get:30 http://deb.debian.org/debian bookworm/main amd64 python3-mdurl all 0.1.2-1 [9,444 B]
Get:31 http://deb.debian.org/debian bookworm/main amd64 python3-markdown-it all 2.1.0-5 [58.8 kB]
Get:32 http://deb.debian.org/debian bookworm/main amd64 python3-rich all 13.3.1-1 [202 kB]
Get:33 http://deb.debian.org/debian bookworm/main amd64 python3-rfc3986 all 1.5.0-2 [22.2 kB]
Get:34 http://deb.debian.org/debian bookworm/main amd64 python3-httpx all 0.23.3-1 [72.3 kB]
Get:35 http://deb.debian.org/debian bookworm/main amd64 python3-jmespath all 1.0.1-1 [21.1 kB]
Get:36 http://deb.debian.org/debian bookworm/main amd64 python3-kerberos amd64 1.1.14-3.1+b7 [21.5 kB]
Get:37 http://deb.debian.org/debian bookworm/main amd64 python3-lockfile all 1:0.12.2-2.2 [17.3 kB]
Get:38 http://deb.debian.org/debian bookworm/main amd64 python3-simplejson amd64 3.18.3-1 [59.8 kB]
Get:39 http://deb.debian.org/debian bookworm/main amd64 python3-urllib3 all 1.26.12-1 [117 kB]
Get:40 http://deb.debian.org/debian bookworm/main amd64 python3-requests all 2.28.1+dfsg-1 [67.9 kB]
Get:41 http://deb.debian.org/debian bookworm/main amd64 python3-libcloud all 3.4.1-5 [808 kB]
Get:42 http://deb.debian.org/debian bookworm/main amd64 python3-ntlm-auth all 1.4.0-2 [21.9 kB]
Get:43 http://deb.debian.org/debian bookworm/main amd64 python3-requests-kerberos all 0.12.0-2 [13.0 kB]
Get:44 http://deb.debian.org/debian bookworm/main amd64 python3-requests-ntlm all 1.1.0-3 [6,268 B]
Get:45 http://deb.debian.org/debian bookworm/main amd64 python3-requests-toolbelt all 0.10.1-1 [41.3 kB]
Get:46 http://deb.debian.org/debian bookworm/main amd64 python3-selinux amd64 3.4-1+b6 [152 kB]
Get:47 http://deb.debian.org/debian bookworm/main amd64 python3-xmltodict all 0.13.0-1 [16.7 kB]
Get:48 http://deb.debian.org/debian bookworm/main amd64 python3-winrm all 0.3.0-4+deb12u1 [22.1 kB]
Fetched 30.4 MB in 6s (5,337 kB/s)
Extracting templates from packages: 100%
Selecting previously unselected package python3-markupsafe.
(Reading database ... 33272 files and directories currently installed.)
Preparing to unpack .../00-python3-markupsafe_2.1.2-1+b1_amd64.deb ...
Unpacking python3-markupsafe (2.1.2-1+b1) ...
Selecting previously unselected package python3-jinja2.
Preparing to unpack .../01-python3-jinja2_3.1.2-1_all.deb ...
Unpacking python3-jinja2 (3.1.2-1) ...
Selecting previously unselected package python3-packaging.
Preparing to unpack .../02-python3-packaging_23.0-1_all.deb ...
Unpacking python3-packaging (23.0-1) ...
Selecting previously unselected package python3-resolvelib.
Preparing to unpack .../03-python3-resolvelib_0.9.0-2_all.deb ...
Unpacking python3-resolvelib (0.9.0-2) ...
Selecting previously unselected package python3-yaml.
Preparing to unpack .../04-python3-yaml_6.0-3+b2_amd64.deb ...
Unpacking python3-yaml (6.0-3+b2) ...
Selecting previously unselected package python3-pycryptodome.
Preparing to unpack .../05-python3-pycryptodome_3.11.0+dfsg1-4_amd64.deb ...
Unpacking python3-pycryptodome (3.11.0+dfsg1-4) ...
Selecting previously unselected package python3-dnspython.
Preparing to unpack .../06-python3-dnspython_2.3.0-1_all.deb ...
Unpacking python3-dnspython (2.3.0-1) ...
Selecting previously unselected package ieee-data.
Preparing to unpack .../07-ieee-data_20220827.1_all.deb ...
Unpacking ieee-data (20220827.1) ...
Selecting previously unselected package python3-netaddr.
Preparing to unpack .../08-python3-netaddr_0.8.0-2_all.deb ...
Unpacking python3-netaddr (0.8.0-2) ...
Selecting previously unselected package ansible-core.
Preparing to unpack .../09-ansible-core_2.14.3-1_all.deb ...
Unpacking ansible-core (2.14.3-1) ...
Selecting previously unselected package ansible.
Preparing to unpack .../10-ansible_7.3.0+dfsg-1_all.deb ...
Unpacking ansible (7.3.0+dfsg-1) ...
Selecting previously unselected package python-babel-localedata.
Preparing to unpack .../11-python-babel-localedata_2.10.3-1_all.deb ...
Unpacking python-babel-localedata (2.10.3-1) ...
Selecting previously unselected package python3-idna.
Preparing to unpack .../12-python3-idna_3.3-1_all.deb ...
Unpacking python3-idna (3.3-1) ...
Selecting previously unselected package python3-sniffio.
Preparing to unpack .../13-python3-sniffio_1.2.0-1_all.deb ...
Unpacking python3-sniffio (1.2.0-1) ...
Selecting previously unselected package python3-anyio.
Preparing to unpack .../14-python3-anyio_3.6.2-1_all.deb ...
Unpacking python3-anyio (3.6.2-1) ...
Selecting previously unselected package python3-argcomplete.
Preparing to unpack .../15-python3-argcomplete_2.0.0-1_all.deb ...
Unpacking python3-argcomplete (2.0.0-1) ...
Selecting previously unselected package python3-tz.
Preparing to unpack .../16-python3-tz_2022.7.1-4_all.deb ...
Unpacking python3-tz (2022.7.1-4) ...
Selecting previously unselected package python3-babel.
Preparing to unpack .../17-python3-babel_2.10.3-1_all.deb ...
Unpacking python3-babel (2.10.3-1) ...
Selecting previously unselected package python3-certifi.
Preparing to unpack .../18-python3-certifi_2022.9.24-1_all.deb ...
Unpacking python3-certifi (2022.9.24-1) ...
Selecting previously unselected package python3-chardet.
Preparing to unpack .../19-python3-chardet_5.1.0+dfsg-2_all.deb ...
Unpacking python3-chardet (5.1.0+dfsg-2) ...
Selecting previously unselected package python3-charset-normalizer.
Preparing to unpack .../20-python3-charset-normalizer_3.0.1-2_all.deb ...
Unpacking python3-charset-normalizer (3.0.1-2) ...
Selecting previously unselected package python3-colorama.
Preparing to unpack .../21-python3-colorama_0.4.6-2_all.deb ...
Unpacking python3-colorama (0.4.6-2) ...
Selecting previously unselected package python3-click.
Preparing to unpack .../22-python3-click_8.1.3-2_all.deb ...
Unpacking python3-click (8.1.3-2) ...
Selecting previously unselected package python3-h11.
Preparing to unpack .../23-python3-h11_0.14.0-1_all.deb ...
Unpacking python3-h11 (0.14.0-1) ...
Selecting previously unselected package python3-hpack.
Preparing to unpack .../24-python3-hpack_4.0.0-2_all.deb ...
Unpacking python3-hpack (4.0.0-2) ...
Selecting previously unselected package python3-hyperframe.
Preparing to unpack .../25-python3-hyperframe_6.0.0-1_all.deb ...
Unpacking python3-hyperframe (6.0.0-1) ...
Selecting previously unselected package python3-h2.
Preparing to unpack .../26-python3-h2_4.1.0-4_all.deb ...
Unpacking python3-h2 (4.1.0-4) ...
Selecting previously unselected package python3-httpcore.
Preparing to unpack .../27-python3-httpcore_0.16.3-1_all.deb ...
Unpacking python3-httpcore (0.16.3-1) ...
Selecting previously unselected package python3-pygments.
Preparing to unpack .../28-python3-pygments_2.14.0+dfsg-1_all.deb ...
Unpacking python3-pygments (2.14.0+dfsg-1) ...
Selecting previously unselected package python3-mdurl.
Preparing to unpack .../29-python3-mdurl_0.1.2-1_all.deb ...
Unpacking python3-mdurl (0.1.2-1) ...
Selecting previously unselected package python3-markdown-it.
Preparing to unpack .../30-python3-markdown-it_2.1.0-5_all.deb ...
Unpacking python3-markdown-it (2.1.0-5) ...
Selecting previously unselected package python3-rich.
Preparing to unpack .../31-python3-rich_13.3.1-1_all.deb ...
Unpacking python3-rich (13.3.1-1) ...
Selecting previously unselected package python3-rfc3986.
Preparing to unpack .../32-python3-rfc3986_1.5.0-2_all.deb ...
Unpacking python3-rfc3986 (1.5.0-2) ...
Selecting previously unselected package python3-httpx.
Preparing to unpack .../33-python3-httpx_0.23.3-1_all.deb ...
Unpacking python3-httpx (0.23.3-1) ...
Selecting previously unselected package python3-jmespath.
Preparing to unpack .../34-python3-jmespath_1.0.1-1_all.deb ...
Unpacking python3-jmespath (1.0.1-1) ...
Selecting previously unselected package python3-kerberos.
Preparing to unpack .../35-python3-kerberos_1.1.14-3.1+b7_amd64.deb ...
Unpacking python3-kerberos (1.1.14-3.1+b7) ...
Selecting previously unselected package python3-lockfile.
Preparing to unpack .../36-python3-lockfile_1%3a0.12.2-2.2_all.deb ...
Unpacking python3-lockfile (1:0.12.2-2.2) ...
Selecting previously unselected package python3-simplejson.
Preparing to unpack .../37-python3-simplejson_3.18.3-1_amd64.deb ...
Unpacking python3-simplejson (3.18.3-1) ...
Selecting previously unselected package python3-urllib3.
Preparing to unpack .../38-python3-urllib3_1.26.12-1_all.deb ...
Unpacking python3-urllib3 (1.26.12-1) ...
Selecting previously unselected package python3-requests.
Preparing to unpack .../39-python3-requests_2.28.1+dfsg-1_all.deb ...
Unpacking python3-requests (2.28.1+dfsg-1) ...
Selecting previously unselected package python3-libcloud.
Preparing to unpack .../40-python3-libcloud_3.4.1-5_all.deb ...
Unpacking python3-libcloud (3.4.1-5) ...
Selecting previously unselected package python3-ntlm-auth.
Preparing to unpack .../41-python3-ntlm-auth_1.4.0-2_all.deb ...
Unpacking python3-ntlm-auth (1.4.0-2) ...
Selecting previously unselected package python3-requests-kerberos.
Preparing to unpack .../42-python3-requests-kerberos_0.12.0-2_all.deb ...
Unpacking python3-requests-kerberos (0.12.0-2) ...
Selecting previously unselected package python3-requests-ntlm.
Preparing to unpack .../43-python3-requests-ntlm_1.1.0-3_all.deb ...
Unpacking python3-requests-ntlm (1.1.0-3) ...
Selecting previously unselected package python3-requests-toolbelt.
Preparing to unpack .../44-python3-requests-toolbelt_0.10.1-1_all.deb ...
Unpacking python3-requests-toolbelt (0.10.1-1) ...
Selecting previously unselected package python3-selinux.
Preparing to unpack .../45-python3-selinux_3.4-1+b6_amd64.deb ...
Unpacking python3-selinux (3.4-1+b6) ...
Selecting previously unselected package python3-xmltodict.
Preparing to unpack .../46-python3-xmltodict_0.13.0-1_all.deb ...
Unpacking python3-xmltodict (0.13.0-1) ...
Selecting previously unselected package python3-winrm.
Preparing to unpack .../47-python3-winrm_0.3.0-4+deb12u1_all.deb ...
Unpacking python3-winrm (0.3.0-4+deb12u1) ...
Setting up python3-sniffio (1.2.0-1) ...
Setting up python3-lockfile (1:0.12.2-2.2) ...
Setting up python3-hyperframe (6.0.0-1) ...
Setting up python3-hpack (4.0.0-2) ...
Setting up python3-colorama (0.4.6-2) ...
Setting up python3-charset-normalizer (3.0.1-2) ...
Setting up python3-ntlm-auth (1.4.0-2) ...
Setting up python3-pycryptodome (3.11.0+dfsg1-4) ...
Setting up python3-resolvelib (0.9.0-2) ...
Setting up python3-kerberos (1.1.14-3.1+b7) ...
Setting up python3-yaml (6.0-3+b2) ...
Setting up python3-click (8.1.3-2) ...
Setting up python3-markupsafe (2.1.2-1+b1) ...
Setting up python3-tz (2022.7.1-4) ...
Setting up python-babel-localedata (2.10.3-1) ...
Setting up python3-simplejson (3.18.3-1) ...
Setting up python3-xmltodict (0.13.0-1) ...
Setting up python3-jinja2 (3.1.2-1) ...
Setting up python3-pygments (2.14.0+dfsg-1) ...
Setting up python3-packaging (23.0-1) ...
Setting up python3-chardet (5.1.0+dfsg-2) ...
Setting up python3-certifi (2022.9.24-1) ...
Setting up python3-jmespath (1.0.1-1) ...
Setting up python3-mdurl (0.1.2-1) ...
Setting up python3-idna (3.3-1) ...
Setting up python3-h11 (0.14.0-1) ...
Setting up python3-urllib3 (1.26.12-1) ...
Setting up python3-markdown-it (2.1.0-5) ...
Setting up ieee-data (20220827.1) ...
Setting up python3-dnspython (2.3.0-1) ...
Setting up python3-selinux (3.4-1+b6) ...
Setting up python3-h2 (4.1.0-4) ...
Setting up python3-argcomplete (2.0.0-1) ...
Setting up python3-anyio (3.6.2-1) ...
Setting up python3-babel (2.10.3-1) ...
update-alternatives: using /usr/bin/pybabel-python3 to provide /usr/bin/pybabel (pybabel) in auto mode
Setting up python3-rich (13.3.1-1) ...
Setting up python3-rfc3986 (1.5.0-2) ...
Setting up python3-requests (2.28.1+dfsg-1) ...
Setting up python3-requests-kerberos (0.12.0-2) ...
Setting up python3-netaddr (0.8.0-2) ...
Setting up python3-httpcore (0.16.3-1) ...
Setting up python3-requests-ntlm (1.1.0-3) ...
Setting up python3-requests-toolbelt (0.10.1-1) ...
Setting up ansible-core (2.14.3-1) ...
Setting up python3-libcloud (3.4.1-5) ...
Setting up python3-httpx (0.23.3-1) ...
Setting up python3-winrm (0.3.0-4+deb12u1) ...
Setting up ansible (7.3.0+dfsg-1) ...
(ansible-venv-2) admin@kanamisaaan:~$
(ansible-venv-2) admin@kanamisaaan:~$
(ansible-venv-2) admin@kanamisaaan:~$ ansible --version
ansible [core 2.14.3]
  config file = /home/admin/ansible.cfg
  configured module search path = ['/home/admin/.ansible/plugins/modules', '/usr/share/ansible/plugins/modules']
  ansible python module location = /usr/lib/python3/dist-packages/ansible
  ansible collection location = /home/admin/.ansible/collections:/usr/share/ansible/collections
  executable location = /usr/bin/ansible
  python version = 3.11.2 (main, Mar 13 2023, 12:18:29) [GCC 12.2.0] (/usr/bin/python3)
  jinja version = 3.1.2
  libyaml = True
(ansible-venv-2) admin@kanamisaaan:~$
(ansible-venv-2) admin@kanamisaaan:~$
(ansible-venv-2) admin@kanamisaaan:~$ ls
Ansible  ansible.cfg  ansible-venv-2
(ansible-venv-2) admin@kanamisaaan:~$
(ansible-venv-2) admin@kanamisaaan:~$ ls /Ansible/
GCP-playbook
(ansible-venv-2) admin@kanamisaaan:~$
(ansible-venv-2) admin@kanamisaaan:~$ cat Ansible/ansible.cfg
[defaults]
inventory = /home/admin/ansible.cfg

remote_user = ansibleuser
private_key_file = /home/admin/.ssh/id_rsa

(ansible-venv-2) admin@kanamisaaan:~$ pip list && pip freeze
Package    Version
---------- -------
pip        23.0.1
setuptools 66.1.1
(ansible-venv-2) admin@kanamisaaan:~$
(ansible-venv-2) admin@kanamisaaan:~$
(ansible-venv-2) admin@kanamisaaan:~$ pip list
Package    Version
---------- -------
pip        23.0.1
setuptools 66.1.1
(ansible-venv-2) admin@kanamisaaan:~$ sudo apt-get install -y git-all
Reading package lists... Done
Building dependency tree... Done
Reading state information... Done
git-all is already the newest version (1:2.39.2-1.1).
0 upgraded, 0 newly installed, 0 to remove and 11 not upgraded.
(ansible-venv-2) admin@kanamisaaan:~$
(ansible-venv-2) admin@kanamisaaan:~$
(ansible-venv-2) admin@kanamisaaan:~$ git --version
git version 2.39.2
(ansible-venv-2) admin@kanamisaaan:~$
(ansible-venv-2) admin@kanamisaaan:~$ git init
Reinitialized existing Git repository in /home/admin/.git/
(ansible-venv-2) admin@kanamisaaan:~$
(ansible-venv-2) admin@kanamisaaan:~$
(ansible-venv-2) admin@kanamisaaan:~$ git remote add origin https://https://github.com/komine-kanami/Ansible-git.git
(ansible-venv-2) admin@kanamisaaan:~$
(ansible-venv-2) admin@kanamisaaan:~$ git remote add origin https://https://github.com/komine-kanami/Ansible_git.git
error: remote origin already exists.
(ansible-venv-2) admin@kanamisaaan:~$
(ansible-venv-2) admin@kanamisaaan:~$
(ansible-venv-2) admin@kanamisaaan:~$ git remote add origin2 https://github.com/komine-kanami/Ansible_git.git
(ansible-venv-2) admin@kanamisaaan:~$
(ansible-venv-2) admin@kanamisaaan:~$
(ansible-venv-2) admin@kanamisaaan:~$ ls
Ansible  ansible.cfg  ansible-venv-2
(ansible-venv-2) admin@kanamisaaan:~$ cat ~/.ssh/
cat: /home/admin/.ssh/: Is a directory
(ansible-venv-2) admin@kanamisaaan:~$ ls ~/.ssh/
config  github_key  github_key.pub  id_rsa  id_rsa.pub  known_hosts  known_hosts.old
(ansible-venv-2) admin@kanamisaaan:~$ cat ~/.ssh/github_key.pub
ssh-ed25519 AAAAC3NzaC1lZDI1NTE5AAAAIAE2u7gtdUTapwi0u8j65Iru7Uls3XlZiKWvqQOjwUyK
(ansible-venv-2) admin@kanamisaaan:~$
(ansible-venv-2) admin@kanamisaaan:~$
(ansible-venv-2) admin@kanamisaaan:~$ ssh -T github
Hi komine-kanami! You've successfully authenticated, but GitHub does not provide shell access.
(ansible-venv-2) admin@kanamisaaan:~$
(ansible-venv-2) admin@kanamisaaan:~$
(ansible-venv-2) admin@kanamisaaan:~$ git clone git@github.com:komine-kanami/Ansible_git.git
Cloning into 'Ansible_git'...
remote: Enumerating objects: 21, done.
remote: Counting objects: 100% (21/21), done.
remote: Compressing objects: 100% (18/18), done.
remote: Total 21 (delta 2), reused 3 (delta 0), pack-reused 0
Receiving objects: 100% (21/21), 9.99 KiB | 1.43 MiB/s, done.
Resolving deltas: 100% (2/2), done.
(ansible-venv-2) admin@kanamisaaan:~$
(ansible-venv-2) admin@kanamisaaan:~$
(ansible-venv-2) admin@kanamisaaan:~$ ls
Ansible  ansible.cfg  Ansible_git  ansible-venv-2
(ansible-venv-2) admin@kanamisaaan:~$ ls /Ansible/
GCP-playbook/ .git/
(ansible-venv-2) admin@kanamisaaan:~$ ls /Ansible_git
ls: cannot access '/Ansible_git': No such file or directory
(ansible-venv-2) admin@kanamisaaan:~$ ls /Ansible/
GCP-playbook/ .git/
(ansible-venv-2) admin@kanamisaaan:~$ ls /Ansible_git
ls: cannot access '/Ansible_git': No such file or directory
(ansible-venv-2) admin@kanamisaaan:~$ cd Ansible_git
(ansible-venv-2) admin@kanamisaaan:~/Ansible_git$
(ansible-venv-2) admin@kanamisaaan:~/Ansible_git$ git pull origin ansible
From github.com:komine-kanami/Ansible_git
 * branch            ansible    -> FETCH_HEAD
hint: You have divergent branches and need to specify how to reconcile them.
hint: You can do so by running one of the following commands sometime before
hint: your next pull:
hint:
hint:   git config pull.rebase false  # merge
hint:   git config pull.rebase true   # rebase
hint:   git config pull.ff only       # fast-forward only
hint:
hint: You can replace "git config" with "git config --global" to set a default
hint: preference for all repositories. You can also pass --rebase, --no-rebase,
hint: or --ff-only on the command line to override the configured default per
hint: invocation.
fatal: Need to specify how to reconcile divergent branches.
(ansible-venv-2) admin@kanamisaaan:~/Ansible_git$ git branch
* main
(ansible-venv-2) admin@kanamisaaan:~/Ansible_git$
(ansible-venv-2) admin@kanamisaaan:~/Ansible_git$ git checkout ansible
branch 'ansible' set up to track 'origin/ansible'.
Switched to a new branch 'ansible'
(ansible-venv-2) admin@kanamisaaan:~/Ansible_git$
(ansible-venv-2) admin@kanamisaaan:~/Ansible_git$ git branch
* ansible
  main
(ansible-venv-2) admin@kanamisaaan:~/Ansible_git$ git pull origin ansible
From github.com:komine-kanami/Ansible_git
 * branch            ansible    -> FETCH_HEAD
Already up to date.
(ansible-venv-2) admin@kanamisaaan:~/Ansible_git$
(ansible-venv-2) admin@kanamisaaan:~/Ansible_git$
(ansible-venv-2) admin@kanamisaaan:~/Ansible_git$ ls
ansible-user.json  README.md
(ansible-venv-2) admin@kanamisaaan:~/Ansible_git$ ssh -i ~/.ssh/id_rsa ansibleuser 34.85.93.181
ssh: Could not resolve hostname ansibleuser: No address associated with hostname
(ansible-venv-2) admin@kanamisaaan:~/Ansible_git$ ssh -i ~/.ssh/id_rsa ansibleuser@34.85.93.181
Last login: Sat Apr 13 12:50:46 2024
[ansibleuser@ansible ~]$
